// Jest Snapshot v1, https://goo.gl/fbAQLP

exports[`App renders without crashing 1`] = `
<Provider
  store={
    Object {
      "dispatch": [Function],
      "getState": [Function],
      "replaceReducer": [Function],
      "subscribe": [Function],
      Symbol(observable): [Function],
    }
  }
>
  <ThemeProvider
    theme={
      Object {
        "background": "#f1f4f5",
        "error": "#f44336",
        "primary": Object {
          "contrastText": "#fff",
          "main": "#54b6c8",
        },
        "spacingUnit": 8,
      }
    }
  >
    <BrowserRouter>
      <styled.div>
        <Main />
      </styled.div>
    </BrowserRouter>
  </ThemeProvider>
</Provider>
`;
