// Jest Snapshot v1, https://goo.gl/fbAQLP

exports[`Error renders Error without crashing 1`] = `
<styled.div>
  Oops, something went wrong
  <div>
    Failure
  </div>
</styled.div>
`;

exports[`Error renders StyledError without crashing 1`] = `
.c0 {
  height: 100%;
  width: 100%;
  display: -webkit-box;
  display: -webkit-flex;
  display: -ms-flexbox;
  display: flex;
  -webkit-flex-direction: column;
  -ms-flex-direction: column;
  flex-direction: column;
  -webkit-align-items: center;
  -webkit-box-align: center;
  -ms-flex-align: center;
  align-items: center;
  -webkit-box-pack: center;
  -webkit-justify-content: center;
  -ms-flex-pack: center;
  justify-content: center;
  color: #f44336;
}

<div
  className="c0"
/>
`;
