// Jest Snapshot v1, https://goo.gl/fbAQLP

exports[`Main renders without crashing 1`] = `
<styled.div>
  <ProductList />
  <Order />
</styled.div>
`;
